Linus在1991年创建了开源的Linux
到了2002年，Linux系统已经发展了十年了，代码库之大让Linus很难继续通过手工方式管理了，
社区的弟兄们也对这种方式表达了强烈不满，于是Linus选择了一个商业的版本控制系统BitKeeper，
BitKeeper的东家BitMover公司出于人道主义精神，授权Linux社区免费使用这个版本控制系统。

开发Samba的Andrew试图破解BitKeeper的协议（这么干的其实也不只他一个），
被BitMover公司发现了（监控工作做得不错！），于是BitMover公司怒了，
要收回Linux社区的免费使用权。

Linus花了两周时间自己用C写了一个分布式版本控制系统，这就是Git！一个月之内，
Linux系统的源码已经由Git管理了！牛是怎么定义的呢？大家可以体会一下。

Git迅速成为最流行的分布式版本控制系统，尤其是2008年，GitHub网站上线了，
它为开源项目免费提供Git存储，无数开源项目开始迁移至GitHub，包括jQuery，PHP，Ruby等等。

分布式版本控制系统根本没有“中央服务器”，每个人的电脑上都是一个完整的版本库，
这样，你工作的时候，就不需要联网了，因为版本库就在你自己的电脑上。
既然每个人电脑上都有一个完整的版本库，那多个人如何协作呢？比方说你在自己电脑上改了文件A，
你的同事也在他的电脑上改了文件A，这时，你们俩之间只需把各自的修改推送给对方，
就可以互相看到对方的修改了.

wget不是安装方式 他是一种下载软件类似与迅雷 如果要下载一个软件 我们可以直接
wget 下载地址

ap-get是ubuntu下的一个软件安装方式，它是基于debain

yum是redhat、centos下的一个软件安装方式，它是基于Linux的

Homebrew就是mac下的一个软件安装方式，它是基于Mac

git安装
mac             sudo brew install git
Linux           sudo yum install git   sudo apt-get install git

1 repository install

$ git init

2 check repository status

$ git status

3 check modify content

$ git diff  [fileName]

4 check commit log

$ git log [--pretty=oneline]

5 back up version

首先，Git必须知道当前版本是哪个版本，在Git中，用HEAD表示当前版本，也就是最新的提交3628164...882e1e0（注意我的提交ID和你的肯定不一样），上一个版本就是HEAD^，上上一个版本就是HEAD^^，当然往上100个版本写100个^比较容易数不过来，所以写成HEAD~100。

现在，我们要把当前版本“append GPL”回退到上一个版本“add distributed”，就可以使用git reset命令：

$ git reset --hard HEAD^
HEAD is now at ea34578 add distributed

Git提供了一个命令git reflog用来记录你的每一次命令

工作区（Working Directory）

就是你在电脑里能看到的目录

版本库（Repository）

工作区有一个隐藏目录.git，这个不算工作区，而是Git的版本库。

Git的版本库里存了很多东西，其中最重要的就是称为stage（或者叫index）的暂存区，

还有Git为我们自动创建的第一个分支master，以及指向master的一个指针叫HEAD。

image:git commit.jpeg

前面讲了我们把文件往Git版本库里添加的时候，是分两步执行的：

第一步是用git add把文件添加进去，实际上就是把文件修改添加到暂存区；

第二步是用git commit提交更改，实际上就是把暂存区的所有内容提交到当前分支。

因为我们创建Git版本库时，Git自动为我们创建了唯一一个master分支，
所以，现在，git commit就是往master分支上提交更改。

你可以简单理解为，需要提交的文件修改通通放到暂存区，然后，一次性提交暂存区的所有修改。

命令git checkout -- readme.txt意思就是，把readme.txt文件在工作区的修改全部撤销，这里有两种情况：

一种是readme.txt自修改后还没有被放到暂存区，现在，撤销修改就回到和版本库一模一样的状态；

一种是readme.txt已经添加到暂存区后，又作了修改，现在，撤销修改就回到添加到暂存区后的状态。

总之，就是让这个文件回到最近一次git commit或git add时的状态。

git checkout -- file命令中的--很重要，没有--，就变成了“切换到另一个分支”的命令，

我们在后面的分支管理中会再次遇到git checkout命令

Git同样告诉我们，用命令git reset HEAD file可以把暂存区的修改撤销掉（unstage），
重新放回工作区,git reset命令既可以回退版本，
也可以把暂存区的修改回退到工作区。当我们用HEAD时，表示最新的版本。

一是确实要从版本库中删除该文件，那就用命令git rm删掉，并且git commit：

$ git rm test.txt
rm 'test.txt'
$ git commit -m "remove test.txt"
[master d17efd8] remove test.txt
 1 file changed, 1 deletion(-)
 delete mode 100644 test.txt
现在，文件就从版本库中被删除了。

另一种情况是删错了，因为版本库里还有呢，所以可以很轻松地把误删的文件恢复到最新版本：

$ git checkout -- test.txt
git checkout其实是用版本库里的版本替换工作区的版本，无论工作区是修改还是删除，
都可以“一键还原”。

远程仓库

第1步：创建SSH Key。在用户主目录下，看看有没有.ssh目录，如果有，
再看看这个目录下有没有id_rsa和id_rsa.pub这两个文件，如果已经有了，可直接跳到下一步。
如果没有，打开Shell（Windows下打开Git Bash），创建SSH Key：

$ ssh-keygen -t rsa -C "youremail@example.com"
你需要把邮件地址换成你自己的邮件地址，然后一路回车，使用默认值即可，
由于这个Key也不是用于军事目的，所以也无需设置密码。

如果一切顺利的话，可以在用户主目录里找到.ssh目录，里面有id_rsa和id_rsa.pub两个文件，
这两个就是SSH Key的秘钥对，id_rsa是私钥，不能泄露出去，id_rsa.pub是公钥，
可以放心地告诉任何人。

第2步：登陆GitHub，打开“Account settings”，“SSH Keys”页面：

然后，点“Add SSH Key”，填上任意Title，在Key文本框里粘贴id_rsa.pub文件的内容：
们根据GitHub的提示，在本地的learngit仓库下运行命令：

$ git remote add origin git@github.com:michaelliao/learngit.git
请千万注意，把上面的michaelliao替换成你自己的GitHub账户名，否则，
你在本地关联的就是我的远程库，关联没有问题，但是你以后推送是推不上去的，
因为你的SSH Key公钥不在我的账户列表中。

添加后，远程库的名字就是origin，这是Git默认的叫法，也可以改成别的，
但是origin这个名字一看就知道是远程库。

下一步，就可以把本地库的所有内容推送到远程库上：

$ git push -u origin master

把本地库的内容推送到远程，用git push命令，实际上是把当前分支master推送到远程。

由于远程库是空的，我们第一次推送master分支时，加上了-u参数，
Git不但会把本地的master分支内容推送的远程新的master分支，
还会把本地的master分支和远程的master分支关联起来，在以后的推送或者拉取时就可以简化命令。

从现在起，只要本地作了提交，就可以通过命令：

$ git push origin master
把本地master分支的最新修改推送至GitHub，现在，你就拥有了真正的分布式版本库！

SSH警告

当你第一次使用Git的clone或者push命令连接GitHub时，会得到一个警告：

The authenticity of host 'github.com (xx.xx.xx.xx)' can't be established.
RSA key fingerprint is xx.xx.xx.xx.xx.
Are you sure you want to continue connecting (yes/no)?
这是因为Git使用SSH连接，而SSH连接在第一次验证GitHub服务器的Key时，
需要你确认GitHub的Key的指纹信息是否真的来自GitHub的服务器，输入yes回车即可。

Git会输出一个警告，告诉你已经把GitHub的Key添加到本机的一个信任列表里了：

Warning: Permanently added 'github.com' (RSA) to the list of known hosts.
这个警告只会出现一次，后面的操作就不会有任何警告了。

如果你实在担心有人冒充GitHub服务器，
输入yes前可以对照GitHub的RSA Key的指纹信息是否与SSH连接给出的一致。(https://help.github.com/articles/what-are-github-s-ssh-key-fingerprints/)

从远程库克隆

git clone git@github.com:michaelliao/gitskills.git

分支
我们创建dev分支，然后切换到dev分支：

$ git checkout -b dev
Switched to a new branch 'dev'
git checkout命令加上-b参数表示创建并切换，相当于以下两条命令：

$ git branch dev
$ git checkout dev
Switched to branch 'dev'

用git branch命令查看当前分支：

$ git branch
* dev
  master
git branch命令会列出所有分支，当前分支前面会标一个*号。

dev分支的工作完成，我们就可以切换回master分支：

$ git checkout master

我们把dev分支的工作成果合并到master分支上：

$ git merge dev

git merge命令用于合并指定分支到当前分支。合并后，
再查看readme.txt的内容，就可以看到，和dev分支的最新提交是完全一样的。

注意到上面的Fast-forward信息，Git告诉我们，这次合并是“快进模式”，也就是直接把master指向dev的当前提交，所以合并速度非常快。

当然，也不是每次合并都能Fast-forward，我们后面会讲其他方式的合并。

合并完成后，就可以放心地删除dev分支了：

$ git branch -d dev

Git鼓励大量使用分支：

查看分支：git branch

创建分支：git branch <name>

切换分支：git checkout <name>

创建+切换分支：git checkout -b <name>

合并某分支到当前分支：git merge <name>

删除分支：git branch -d <name>

用git log --graph命令可以看到分支合并图。

通常，合并分支时，如果可能，Git会用Fast forward模式，但这种模式下，删除分支后，会丢掉分支信息。

如果要强制禁用Fast forward模式，Git就会在merge时生成一个新的commit，这样，从分支历史上就可以看出分支信息。

准备合并dev分支，请注意--no-ff参数，表示禁用Fast forward：

$ git merge --no-ff -m "merge with no-ff" dev
Merge made by the 'recursive' strategy.
 readme.txt |    1 +
 1 file changed, 1 insertion(+)
因为本次合并要创建一个新的commit，所以加上-m参数，把commit描述写进去。

分支管理策略


通常，合并分支时，如果可能，Git会用Fast forward模式，但这种模式下，删除分支后，会丢掉分支信息。

如果要强制禁用Fast forward模式，Git就会在merge时生成一个新的commit，这样，从分支历史上就可以看出分支信息。

下面我们实战一下--no-ff方式的git merge：

首先，仍然创建并切换dev分支：

$ git checkout -b dev
Switched to a new branch 'dev'
修改readme.txt文件，并提交一个新的commit：

$ git add readme.txt
$ git commit -m "add merge"
[dev 6224937] add merge
 1 file changed, 1 insertion(+)
现在，我们切换回master：

$ git checkout master
Switched to branch 'master'
准备合并dev分支，请注意--no-ff参数，表示禁用Fast forward：

$ git merge --no-ff -m "merge with no-ff" dev
Merge made by the 'recursive' strategy.
 readme.txt |    1 +
 1 file changed, 1 insertion(+)
因为本次合并要创建一个新的commit，所以加上-m参数，把commit描述写进去。

合并后，我们用git log看看分支历史：

$ git log --graph --pretty=oneline --abbrev-commit
*   7825a50 merge with no-ff
|\
| * 6224937 add merge
|/
*   59bc1cb conflict fixed
...
可以看到，不使用Fast forward模式，merge后就像这样：

git-no-ff-mode





分支策略

在实际开发中，我们应该按照几个基本原则进行分支管理：

首先，master分支应该是非常稳定的，也就是仅用来发布新版本，平时不能在上面干活；

那在哪干活呢？干活都在dev分支上，也就是说，dev分支是不稳定的，到某个时候，比如1.0版本发布时，
再把dev分支合并到master上，在master分支发布1.0版本；

你和你的小伙伴们每个人都在dev分支上干活，每个人都有自己的分支，时不时地往dev分支上合并就可以了。

Bug分支

Git还提供了一个stash功能，可以把当前工作现场“储藏”起来，等以后恢复现场后继续工作：

$ git stash

现在，用git status查看工作区，就是干净的（除非有没有被Git管理的文件），因此可以放心地创建分支来修复bug。

首先确定要在哪个分支上修复bug，假定需要在master分支上修复，就从master创建临时分支：

$ git checkout master
Switched to branch 'master'
Your branch is ahead of 'origin/master' by 6 commits.
$ git checkout -b issue-101
Switched to a new branch 'issue-101'

修复完成后，切换到master分支，并完成合并，最后删除issue-101分支：
$ git checkout master
$ git merge --no-ff -m "merged bug fix 101" issue-101
$ git branch -d issue-101

太棒了，原计划两个小时的bug修复只花了5分钟！现在，是时候接着回到dev分支干活了！

$ git checkout dev
Switched to branch 'dev'
$ git status
# On branch dev
nothing to commit (working directory clean)
工作区是干净的，刚才的工作现场存到哪去了？用git stash list命令看看：

$ git stash list
stash@{0}: WIP on dev: 6224937 add merge
工作现场还在，Git把stash内容存在某个地方了，但是需要恢复一下，有两个办法：

一是用git stash apply恢复，但是恢复后，stash内容并不删除，你需要用git stash drop来删除；

另一种方式是用git stash pop，恢复的同时把stash内容也删了：

再用git stash list查看，就看不到任何stash内容了：

$ git stash list
你可以多次stash，恢复的时候，先用git stash list查看，然后恢复指定的stash，用命令：

$ git stash apply stash@{0}


当你从远程仓库克隆时，实际上Git自动把本地的master分支和远程的master分支对应起来了，并且，远程仓库的默认名称是origin。

要查看远程库的信息，用git remote：

$ git remote
origin
或者，用git remote -v显示更详细的信息：

$ git remote -v
origin  git@github.com:michaelliao/learngit.git (fetch)
origin  git@github.com:michaelliao/learngit.git (push)
上面显示了可以抓取和推送的origin的地址。如果没有推送权限，就看不到push的地址。

多人协作


当你从远程仓库克隆时，实际上Git自动把本地的master分支和远程的master分支对应起来了，并且，远程仓库的默认名称是origin。

要查看远程库的信息，用git remote：

$ git remote
origin
或者，用git remote -v显示更详细的信息：

$ git remote -v
origin  git@github.com:michaelliao/learngit.git (fetch)
origin  git@github.com:michaelliao/learngit.git (push)
上面显示了可以抓取和推送的origin的地址。如果没有推送权限，就看不到push的地址。

推送分支

推送分支，就是把该分支上的所有本地提交推送到远程库。推送时，要指定本地分支，这样，Git就会把该分支推送到远程库对应的远程分支上：

$ git push origin master
如果要推送其他分支，比如dev，就改成：

$ git push origin dev
但是，并不是一定要把本地分支往远程推送，那么，哪些分支需要推送，哪些不需要呢？

master分支是主分支，因此要时刻与远程同步；

dev分支是开发分支，团队所有成员都需要在上面工作，所以也需要与远程同步；

bug分支只用于在本地修复bug，就没必要推到远程了，除非老板要看看你每周到底修复了几个bug；

feature分支是否推到远程，取决于你是否和你的小伙伴合作在上面开发。

总之，就是在Git中，分支完全可以在本地自己藏着玩，是否推送，视你的心情而定

你的小伙伴要在dev分支上开发，就必须创建远程origin的dev分支到本地，于是他用这个命令创建本地dev分支：

$ git checkout -b dev origin/dev

搭建Git服务器

第一步，安装git：

$ sudo apt-get install git

第二步，创建一个git用户，用来运行git服务：

$ sudo adduser git

第三步，创建证书登录：

收集所有需要登录的用户的公钥，就是他们自己的id_rsa.pub文件，
把所有公钥导入到/home/git/.ssh/authorized_keys文件里，一行一个。


第四步，初始化Git仓库：

先选定一个目录作为Git仓库，假定是/srv/sample.git，在/srv目录下输入命令：

$ sudo git init --bare sample.git

Git就会创建一个裸仓库，裸仓库没有工作区，因为服务器上的Git仓库纯粹是为了共享，
所以不让用户直接登录到服务器上去改工作区，并且服务器上的Git仓库通常都以.git结尾。
然后，把owner改为git：

$ sudo chown -R git:git sample.git



第五步，禁用shell登录：

出于安全考虑，第二步创建的git用户不允许登录shell，这可以通过编辑/etc/passwd文件完成。找到类似下面的一行：

git:x:1001:1001:,,,:/home/git:/bin/bash
改为：

git:x:1001:1001:,,,:/home/git:/usr/bin/git-shell

搭建Git服务器


在远程仓库一节中，我们讲了远程仓库实际上和本地仓库没啥不同，纯粹为了7x24小时开机并交换大家的修改。

GitHub就是一个免费托管开源代码的远程仓库。但是对于某些视源代码如生命的商业公司来说，既不想公开源代码，又舍不得给GitHub交保护费，那就只能自己搭建一台Git服务器作为私有仓库使用。

搭建Git服务器需要准备一台运行Linux的机器，强烈推荐用Ubuntu或Debian，这样，通过几条简单的apt命令就可以完成安装。

假设你已经有sudo权限的用户账号，下面，正式开始安装。

第一步，安装git：

$ sudo apt-get install git
第二步，创建一个git用户，用来运行git服务：

$ sudo adduser git
第三步，创建证书登录：

收集所有需要登录的用户的公钥，就是他们自己的id_rsa.pub文件，把所有公钥导入到/home/git/.ssh/authorized_keys文件里，一行一个。

第四步，初始化Git仓库：

先选定一个目录作为Git仓库，假定是/srv/sample.git，在/srv目录下输入命令：

$ sudo git init --bare sample.git
Git就会创建一个裸仓库，裸仓库没有工作区，因为服务器上的Git仓库纯粹是为了共享，所以不让用户直接登录到服务器上去改工作区，并且服务器上的Git仓库通常都以.git结尾。然后，把owner改为git：

$ sudo chown -R git:git sample.git
第五步，禁用shell登录：

出于安全考虑，第二步创建的git用户不允许登录shell，这可以通过编辑/etc/passwd文件完成。找到类似下面的一行：

git:x:1001:1001:,,,:/home/git:/bin/bash
改为：

git:x:1001:1001:,,,:/home/git:/usr/bin/git-shell
这样，git用户可以正常通过ssh使用git，但无法登录shell，因为我们为git用户指定的git-shell每次一登录就自动退出。

第六步，克隆远程仓库：

现在，可以通过git clone命令克隆远程仓库了，在各自的电脑上运行：

$ git clone git@server:/srv/sample.git
Cloning into 'sample'...
warning: You appear to have cloned an empty repository.

管理公钥

如果团队很小，把每个人的公钥收集起来放到服务器的/home/git/.ssh/authorized_keys文件里就是可行的。如果团队有几百号人，就没法这么玩了，这时，可以用Gitosis来管理公钥。

这里我们不介绍怎么玩Gitosis了，几百号人的团队基本都在500强了，相信找个高水平的Linux管理员问题不大。

管理权限

有很多不但视源代码如生命，而且视员工为窃贼的公司，会在版本控制系统里设置一套完善的权限控制，每个人是否有读写权限会精确到每个分支甚至每个目录下。因为Git是为Linux源代码托管而开发的，所以Git也继承了开源社区的精神，不支持权限控制。不过，因为Git支持钩子（hook），所以，可以在服务器端编写一系列脚本来控制提交等操作，达到权限控制的目的。Gitolite就是这个工具。

这里我们也不介绍Gitolite了，不要把有限的生命浪费到权限斗争中。

小结

搭建Git服务器非常简单，通常10分钟即可完成；

要方便管理公钥，用Gitosis；

要像SVN那样变态地控制权限，用Gitolite。
